Archive member included to satisfy reference by file (symbol)

c:/program files (x86)/atmel/studio/7.0/toolchain/avr8/avr8-gnu-toolchain/bin/../lib/gcc/avr/4.9.2/avr6\libgcc.a(_udivmodhi4.o)
                              os.o (__udivmodhi4)
c:/program files (x86)/atmel/studio/7.0/toolchain/avr8/avr8-gnu-toolchain/bin/../lib/gcc/avr/4.9.2/avr6\libgcc.a(_exit.o)
                              C:/Program Files (x86)/Atmel/Studio/7.0/Packs/atmel/ATmega_DFP/1.0.98/gcc/dev/atmega2560/avr6/crtatmega2560.o (exit)
c:/program files (x86)/atmel/studio/7.0/toolchain/avr8/avr8-gnu-toolchain/bin/../lib/gcc/avr/4.9.2/avr6\libgcc.a(_tablejump2.o)
                              os.o (__tablejump2__)
c:/program files (x86)/atmel/studio/7.0/toolchain/avr8/avr8-gnu-toolchain/bin/../lib/gcc/avr/4.9.2/avr6\libgcc.a(_copy_data.o)
                              roomba/roomba.o (__do_copy_data)
c:/program files (x86)/atmel/studio/7.0/toolchain/avr8/avr8-gnu-toolchain/bin/../lib/gcc/avr/4.9.2/avr6\libgcc.a(_clear_bss.o)
                              main.o (__do_clear_bss)
c:/program files (x86)/atmel/studio/7.0/toolchain/avr8/avr8-gnu-toolchain/bin/../lib/gcc/avr/4.9.2/avr6\libgcc.a(_umulhisi3.o)
                              os.o (__umulhisi3)

Allocating common symbols
Common symbol       size              file

SleepQueue          0x20              os.o
portL2_Mutex        0x2               main.o
ReadyQueue          0x20              os.o
DrivePID            0x2               main.o
e2                  0x2               main.o
CurrentSp           0x2               os.o
portL6_Mutex        0x2               main.o
WaitingQueue        0x20              os.o
KernelSp            0x2               os.o
InitPID             0x2               main.o
e1                  0x2               main.o

Discarded input sections

 .data          0x00000000        0x0 C:/Program Files (x86)/Atmel/Studio/7.0/Packs/atmel/ATmega_DFP/1.0.98/gcc/dev/atmega2560/avr6/crtatmega2560.o
 .bss           0x00000000        0x0 C:/Program Files (x86)/Atmel/Studio/7.0/Packs/atmel/ATmega_DFP/1.0.98/gcc/dev/atmega2560/avr6/crtatmega2560.o
 .data          0x00000000        0x0 cswitch.o
 .bss           0x00000000        0x0 cswitch.o
 .text          0x00000000        0x0 LED_Test.o
 .data          0x00000000        0x0 LED_Test.o
 .bss           0x00000000        0x0 LED_Test.o
 .text.init_LED_PORTL_pin7
                0x00000000        0xc LED_Test.o
 .text.toggle_LED
                0x00000000       0x1a LED_Test.o
 .text          0x00000000        0x0 main.o
 .data          0x00000000        0x0 main.o
 .bss           0x00000000        0x0 main.o
 .text.Idle     0x00000000        0x2 main.o
 .text          0x00000000        0x0 os.o
 .data          0x00000000        0x0 os.o
 .bss           0x00000000        0x0 os.o
 .text.Mutex_Lock
                0x00000000       0x2c os.o
 .text.Mutex_Unlock
                0x00000000       0x2c os.o
 .text.Event_Wait
                0x00000000       0x2c os.o
 .text.Event_Signal
                0x00000000       0x2c os.o
 .text.Task_Sleep
                0x00000000       0x8c os.o
 .text.Task_Suspend
                0x00000000       0x2c os.o
 .text.Task_Resume
                0x00000000       0x2c os.o
 .text.Task_GetArg
                0x00000000       0x12 os.o
 .text          0x00000000        0x0 queue.o
 .data          0x00000000        0x0 queue.o
 .bss           0x00000000        0x0 queue.o
 .text.isFull   0x00000000       0x16 queue.o
 .text.isEmpty  0x00000000       0x14 queue.o
 .text          0x00000000        0x0 roomba/roomba.o
 .data          0x00000000        0x0 roomba/roomba.o
 .bss           0x00000000        0x0 roomba/roomba.o
 .text.update_leds
                0x00000000       0x56 roomba/roomba.o
 .text.Roomba_UpdateSensorPacket
                0x00000000      0x16c roomba/roomba.o
 .text.Roomba_ChangeState
                0x00000000       0x5a roomba/roomba.o
 .text.Roomba_ConfigPowerLED
                0x00000000        0xe roomba/roomba.o
 .text.Roomba_ConfigStatusLED
                0x00000000        0xa roomba/roomba.o
 .text.Roomba_ConfigSpotLED
                0x00000000        0xa roomba/roomba.o
 .text.Roomba_ConfigCleanLED
                0x00000000        0xa roomba/roomba.o
 .text.Roomba_ConfigMaxLED
                0x00000000        0xa roomba/roomba.o
 .text.Roomba_ConfigDirtDetectLED
                0x00000000        0xa roomba/roomba.o
 .text.Roomba_LoadSong
                0x00000000       0x72 roomba/roomba.o
 .text.Roomba_PlaySong
                0x00000000       0x14 roomba/roomba.o
 .text.Roomba_BumperActivated
                0x00000000        0xe roomba/roomba.o
 .data.state    0x00000000        0x1 roomba/roomba.o
 .data.power_intensity
                0x00000000        0x1 roomba/roomba.o
 .bss.power_colour
                0x00000000        0x1 roomba/roomba.o
 .bss.dd        0x00000000        0x1 roomba/roomba.o
 .bss.max       0x00000000        0x1 roomba/roomba.o
 .bss.clean     0x00000000        0x1 roomba/roomba.o
 .bss.spot      0x00000000        0x1 roomba/roomba.o
 .bss.status    0x00000000        0x1 roomba/roomba.o
 .text          0x00000000        0x0 uart/uart.o
 .data          0x00000000        0x0 uart/uart.o
 .bss           0x00000000        0x0 uart/uart.o
 .text.uart0_getc
                0x00000000       0x3a uart/uart.o
 .text.uart0_peek
                0x00000000       0x34 uart/uart.o
 .text.uart0_puts
                0x00000000       0x1e uart/uart.o
 .text.uart0_puts_p
                0x00000000       0x24 uart/uart.o
 .text.uart0_available
                0x00000000       0x18 uart/uart.o
 .text.uart0_flush
                0x00000000        0xa uart/uart.o
 .text.uart1_init
                0x00000000       0x32 uart/uart.o
 .text.uart1_getc
                0x00000000       0x3a uart/uart.o
 .text.uart1_peek
                0x00000000       0x34 uart/uart.o
 .text.uart1_putc
                0x00000000       0x32 uart/uart.o
 .text.uart1_puts
                0x00000000       0x1e uart/uart.o
 .text.uart1_puts_p
                0x00000000       0x24 uart/uart.o
 .text.uart1_available
                0x00000000       0x18 uart/uart.o
 .text.uart1_flush
                0x00000000        0xa uart/uart.o
 .text.UART_getTail
                0x00000000       0x4a uart/uart.o
 .text.uart_get_byte
                0x00000000       0x14 uart/uart.o
 .text          0x00000000        0x0 c:/program files (x86)/atmel/studio/7.0/toolchain/avr8/avr8-gnu-toolchain/bin/../lib/gcc/avr/4.9.2/avr6\libgcc.a(_udivmodhi4.o)
 .data          0x00000000        0x0 c:/program files (x86)/atmel/studio/7.0/toolchain/avr8/avr8-gnu-toolchain/bin/../lib/gcc/avr/4.9.2/avr6\libgcc.a(_udivmodhi4.o)
 .bss           0x00000000        0x0 c:/program files (x86)/atmel/studio/7.0/toolchain/avr8/avr8-gnu-toolchain/bin/../lib/gcc/avr/4.9.2/avr6\libgcc.a(_udivmodhi4.o)
 .text.libgcc.mul
                0x00000000        0x0 c:/program files (x86)/atmel/studio/7.0/toolchain/avr8/avr8-gnu-toolchain/bin/../lib/gcc/avr/4.9.2/avr6\libgcc.a(_udivmodhi4.o)
 .text.libgcc   0x00000000        0x0 c:/program files (x86)/atmel/studio/7.0/toolchain/avr8/avr8-gnu-toolchain/bin/../lib/gcc/avr/4.9.2/avr6\libgcc.a(_udivmodhi4.o)
 .text.libgcc.prologue
                0x00000000        0x0 c:/program files (x86)/atmel/studio/7.0/toolchain/avr8/avr8-gnu-toolchain/bin/../lib/gcc/avr/4.9.2/avr6\libgcc.a(_udivmodhi4.o)
 .text.libgcc.builtins
                0x00000000        0x0 c:/program files (x86)/atmel/studio/7.0/toolchain/avr8/avr8-gnu-toolchain/bin/../lib/gcc/avr/4.9.2/avr6\libgcc.a(_udivmodhi4.o)
 .text.libgcc.fmul
                0x00000000        0x0 c:/program files (x86)/atmel/studio/7.0/toolchain/avr8/avr8-gnu-toolchain/bin/../lib/gcc/avr/4.9.2/avr6\libgcc.a(_udivmodhi4.o)
 .text.libgcc.fixed
                0x00000000        0x0 c:/program files (x86)/atmel/studio/7.0/toolchain/avr8/avr8-gnu-toolchain/bin/../lib/gcc/avr/4.9.2/avr6\libgcc.a(_udivmodhi4.o)
 .text          0x00000000        0x0 c:/program files (x86)/atmel/studio/7.0/toolchain/avr8/avr8-gnu-toolchain/bin/../lib/gcc/avr/4.9.2/avr6\libgcc.a(_exit.o)
 .data          0x00000000        0x0 c:/program files (x86)/atmel/studio/7.0/toolchain/avr8/avr8-gnu-toolchain/bin/../lib/gcc/avr/4.9.2/avr6\libgcc.a(_exit.o)
 .bss           0x00000000        0x0 c:/program files (x86)/atmel/studio/7.0/toolchain/avr8/avr8-gnu-toolchain/bin/../lib/gcc/avr/4.9.2/avr6\libgcc.a(_exit.o)
 .text.libgcc.mul
                0x00000000        0x0 c:/program files (x86)/atmel/studio/7.0/toolchain/avr8/avr8-gnu-toolchain/bin/../lib/gcc/avr/4.9.2/avr6\libgcc.a(_exit.o)
 .text.libgcc.div
                0x00000000        0x0 c:/program files (x86)/atmel/studio/7.0/toolchain/avr8/avr8-gnu-toolchain/bin/../lib/gcc/avr/4.9.2/avr6\libgcc.a(_exit.o)
 .text.libgcc   0x00000000        0x0 c:/program files (x86)/atmel/studio/7.0/toolchain/avr8/avr8-gnu-toolchain/bin/../lib/gcc/avr/4.9.2/avr6\libgcc.a(_exit.o)
 .text.libgcc.prologue
                0x00000000        0x0 c:/program files (x86)/atmel/studio/7.0/toolchain/avr8/avr8-gnu-toolchain/bin/../lib/gcc/avr/4.9.2/avr6\libgcc.a(_exit.o)
 .text.libgcc.builtins
                0x00000000        0x0 c:/program files (x86)/atmel/studio/7.0/toolchain/avr8/avr8-gnu-toolchain/bin/../lib/gcc/avr/4.9.2/avr6\libgcc.a(_exit.o)
 .text.libgcc.fmul
                0x00000000        0x0 c:/program files (x86)/atmel/studio/7.0/toolchain/avr8/avr8-gnu-toolchain/bin/../lib/gcc/avr/4.9.2/avr6\libgcc.a(_exit.o)
 .text.libgcc.fixed
                0x00000000        0x0 c:/program files (x86)/atmel/studio/7.0/toolchain/avr8/avr8-gnu-toolchain/bin/../lib/gcc/avr/4.9.2/avr6\libgcc.a(_exit.o)
 .text          0x00000000        0x0 c:/program files (x86)/atmel/studio/7.0/toolchain/avr8/avr8-gnu-toolchain/bin/../lib/gcc/avr/4.9.2/avr6\libgcc.a(_tablejump2.o)
 .data          0x00000000        0x0 c:/program files (x86)/atmel/studio/7.0/toolchain/avr8/avr8-gnu-toolchain/bin/../lib/gcc/avr/4.9.2/avr6\libgcc.a(_tablejump2.o)
 .bss           0x00000000        0x0 c:/program files (x86)/atmel/studio/7.0/toolchain/avr8/avr8-gnu-toolchain/bin/../lib/gcc/avr/4.9.2/avr6\libgcc.a(_tablejump2.o)
 .text.libgcc.mul
                0x00000000        0x0 c:/program files (x86)/atmel/studio/7.0/toolchain/avr8/avr8-gnu-toolchain/bin/../lib/gcc/avr/4.9.2/avr6\libgcc.a(_tablejump2.o)
 .text.libgcc.div
                0x00000000        0x0 c:/program files (x86)/atmel/studio/7.0/toolchain/avr8/avr8-gnu-toolchain/bin/../lib/gcc/avr/4.9.2/avr6\libgcc.a(_tablejump2.o)
 .text.libgcc.prologue
                0x00000000        0x0 c:/program files (x86)/atmel/studio/7.0/toolchain/avr8/avr8-gnu-toolchain/bin/../lib/gcc/avr/4.9.2/avr6\libgcc.a(_tablejump2.o)
 .text.libgcc.builtins
                0x00000000        0x0 c:/program files (x86)/atmel/studio/7.0/toolchain/avr8/avr8-gnu-toolchain/bin/../lib/gcc/avr/4.9.2/avr6\libgcc.a(_tablejump2.o)
 .text.libgcc.fmul
                0x00000000        0x0 c:/program files (x86)/atmel/studio/7.0/toolchain/avr8/avr8-gnu-toolchain/bin/../lib/gcc/avr/4.9.2/avr6\libgcc.a(_tablejump2.o)
 .text.libgcc.fixed
                0x00000000        0x0 c:/program files (x86)/atmel/studio/7.0/toolchain/avr8/avr8-gnu-toolchain/bin/../lib/gcc/avr/4.9.2/avr6\libgcc.a(_tablejump2.o)
 .text          0x00000000        0x0 c:/program files (x86)/atmel/studio/7.0/toolchain/avr8/avr8-gnu-toolchain/bin/../lib/gcc/avr/4.9.2/avr6\libgcc.a(_copy_data.o)
 .data          0x00000000        0x0 c:/program files (x86)/atmel/studio/7.0/toolchain/avr8/avr8-gnu-toolchain/bin/../lib/gcc/avr/4.9.2/avr6\libgcc.a(_copy_data.o)
 .bss           0x00000000        0x0 c:/program files (x86)/atmel/studio/7.0/toolchain/avr8/avr8-gnu-toolchain/bin/../lib/gcc/avr/4.9.2/avr6\libgcc.a(_copy_data.o)
 .text.libgcc.mul
                0x00000000        0x0 c:/program files (x86)/atmel/studio/7.0/toolchain/avr8/avr8-gnu-toolchain/bin/../lib/gcc/avr/4.9.2/avr6\libgcc.a(_copy_data.o)
 .text.libgcc.div
                0x00000000        0x0 c:/program files (x86)/atmel/studio/7.0/toolchain/avr8/avr8-gnu-toolchain/bin/../lib/gcc/avr/4.9.2/avr6\libgcc.a(_copy_data.o)
 .text.libgcc   0x00000000        0x0 c:/program files (x86)/atmel/studio/7.0/toolchain/avr8/avr8-gnu-toolchain/bin/../lib/gcc/avr/4.9.2/avr6\libgcc.a(_copy_data.o)
 .text.libgcc.prologue
                0x00000000        0x0 c:/program files (x86)/atmel/studio/7.0/toolchain/avr8/avr8-gnu-toolchain/bin/../lib/gcc/avr/4.9.2/avr6\libgcc.a(_copy_data.o)
 .text.libgcc.builtins
                0x00000000        0x0 c:/program files (x86)/atmel/studio/7.0/toolchain/avr8/avr8-gnu-toolchain/bin/../lib/gcc/avr/4.9.2/avr6\libgcc.a(_copy_data.o)
 .text.libgcc.fmul
                0x00000000        0x0 c:/program files (x86)/atmel/studio/7.0/toolchain/avr8/avr8-gnu-toolchain/bin/../lib/gcc/avr/4.9.2/avr6\libgcc.a(_copy_data.o)
 .text.libgcc.fixed
                0x00000000        0x0 c:/program files (x86)/atmel/studio/7.0/toolchain/avr8/avr8-gnu-toolchain/bin/../lib/gcc/avr/4.9.2/avr6\libgcc.a(_copy_data.o)
 .text          0x00000000        0x0 c:/program files (x86)/atmel/studio/7.0/toolchain/avr8/avr8-gnu-toolchain/bin/../lib/gcc/avr/4.9.2/avr6\libgcc.a(_clear_bss.o)
 .data          0x00000000        0x0 c:/program files (x86)/atmel/studio/7.0/toolchain/avr8/avr8-gnu-toolchain/bin/../lib/gcc/avr/4.9.2/avr6\libgcc.a(_clear_bss.o)
 .bss           0x00000000        0x0 c:/program files (x86)/atmel/studio/7.0/toolchain/avr8/avr8-gnu-toolchain/bin/../lib/gcc/avr/4.9.2/avr6\libgcc.a(_clear_bss.o)
 .text.libgcc.mul
                0x00000000        0x0 c:/program files (x86)/atmel/studio/7.0/toolchain/avr8/avr8-gnu-toolchain/bin/../lib/gcc/avr/4.9.2/avr6\libgcc.a(_clear_bss.o)
 .text.libgcc.div
                0x00000000        0x0 c:/program files (x86)/atmel/studio/7.0/toolchain/avr8/avr8-gnu-toolchain/bin/../lib/gcc/avr/4.9.2/avr6\libgcc.a(_clear_bss.o)
 .text.libgcc   0x00000000        0x0 c:/program files (x86)/atmel/studio/7.0/toolchain/avr8/avr8-gnu-toolchain/bin/../lib/gcc/avr/4.9.2/avr6\libgcc.a(_clear_bss.o)
 .text.libgcc.prologue
                0x00000000        0x0 c:/program files (x86)/atmel/studio/7.0/toolchain/avr8/avr8-gnu-toolchain/bin/../lib/gcc/avr/4.9.2/avr6\libgcc.a(_clear_bss.o)
 .text.libgcc.builtins
                0x00000000        0x0 c:/program files (x86)/atmel/studio/7.0/toolchain/avr8/avr8-gnu-toolchain/bin/../lib/gcc/avr/4.9.2/avr6\libgcc.a(_clear_bss.o)
 .text.libgcc.fmul
                0x00000000        0x0 c:/program files (x86)/atmel/studio/7.0/toolchain/avr8/avr8-gnu-toolchain/bin/../lib/gcc/avr/4.9.2/avr6\libgcc.a(_clear_bss.o)
 .text.libgcc.fixed
                0x00000000        0x0 c:/program files (x86)/atmel/studio/7.0/toolchain/avr8/avr8-gnu-toolchain/bin/../lib/gcc/avr/4.9.2/avr6\libgcc.a(_clear_bss.o)
 .text          0x00000000        0x0 c:/program files (x86)/atmel/studio/7.0/toolchain/avr8/avr8-gnu-toolchain/bin/../lib/gcc/avr/4.9.2/avr6\libgcc.a(_umulhisi3.o)
 .data          0x00000000        0x0 c:/program files (x86)/atmel/studio/7.0/toolchain/avr8/avr8-gnu-toolchain/bin/../lib/gcc/avr/4.9.2/avr6\libgcc.a(_umulhisi3.o)
 .bss           0x00000000        0x0 c:/program files (x86)/atmel/studio/7.0/toolchain/avr8/avr8-gnu-toolchain/bin/../lib/gcc/avr/4.9.2/avr6\libgcc.a(_umulhisi3.o)
 .text.libgcc.mul
                0x00000000       0x1e c:/program files (x86)/atmel/studio/7.0/toolchain/avr8/avr8-gnu-toolchain/bin/../lib/gcc/avr/4.9.2/avr6\libgcc.a(_umulhisi3.o)
 .text.libgcc.div
                0x00000000        0x0 c:/program files (x86)/atmel/studio/7.0/toolchain/avr8/avr8-gnu-toolchain/bin/../lib/gcc/avr/4.9.2/avr6\libgcc.a(_umulhisi3.o)
 .text.libgcc   0x00000000        0x0 c:/program files (x86)/atmel/studio/7.0/toolchain/avr8/avr8-gnu-toolchain/bin/../lib/gcc/avr/4.9.2/avr6\libgcc.a(_umulhisi3.o)
 .text.libgcc.prologue
                0x00000000        0x0 c:/program files (x86)/atmel/studio/7.0/toolchain/avr8/avr8-gnu-toolchain/bin/../lib/gcc/avr/4.9.2/avr6\libgcc.a(_umulhisi3.o)
 .text.libgcc.builtins
                0x00000000        0x0 c:/program files (x86)/atmel/studio/7.0/toolchain/avr8/avr8-gnu-toolchain/bin/../lib/gcc/avr/4.9.2/avr6\libgcc.a(_umulhisi3.o)
 .text.libgcc.fmul
                0x00000000        0x0 c:/program files (x86)/atmel/studio/7.0/toolchain/avr8/avr8-gnu-toolchain/bin/../lib/gcc/avr/4.9.2/avr6\libgcc.a(_umulhisi3.o)
 .text.libgcc.fixed
                0x00000000        0x0 c:/program files (x86)/atmel/studio/7.0/toolchain/avr8/avr8-gnu-toolchain/bin/../lib/gcc/avr/4.9.2/avr6\libgcc.a(_umulhisi3.o)

Memory Configuration

Name             Origin             Length             Attributes
text             0x00000000         0x00100000         xr
data             0x00800200         0x0000fe00         rw !x
eeprom           0x00810000         0x00010000         rw !x
fuse             0x00820000         0x00000400         rw !x
lock             0x00830000         0x00000400         rw !x
signature        0x00840000         0x00000400         rw !x
user_signatures  0x00850000         0x00000400         rw !x
*default*        0x00000000         0xffffffff

Linker script and memory map

Address of section .data set to 0x800200
LOAD C:/Program Files (x86)/Atmel/Studio/7.0/Packs/atmel/ATmega_DFP/1.0.98/gcc/dev/atmega2560/avr6/crtatmega2560.o
LOAD cswitch.o
LOAD LED_Test.o
LOAD main.o
LOAD os.o
LOAD queue.o
LOAD roomba/roomba.o
LOAD uart/uart.o
START GROUP
LOAD c:/program files (x86)/atmel/studio/7.0/toolchain/avr8/avr8-gnu-toolchain/bin/../lib/gcc/avr/4.9.2/../../../../avr/lib/avr6\libm.a
END GROUP
START GROUP
LOAD c:/program files (x86)/atmel/studio/7.0/toolchain/avr8/avr8-gnu-toolchain/bin/../lib/gcc/avr/4.9.2/avr6\libgcc.a
LOAD c:/program files (x86)/atmel/studio/7.0/toolchain/avr8/avr8-gnu-toolchain/bin/../lib/gcc/avr/4.9.2/../../../../avr/lib/avr6\libm.a
LOAD c:/program files (x86)/atmel/studio/7.0/toolchain/avr8/avr8-gnu-toolchain/bin/../lib/gcc/avr/4.9.2/../../../../avr/lib/avr6\libc.a
LOAD C:/Program Files (x86)/Atmel/Studio/7.0/Packs/atmel/ATmega_DFP/1.0.98/gcc/dev/atmega2560/avr6\libatmega2560.a
END GROUP

.hash
 *(.hash)

.dynsym
 *(.dynsym)

.dynstr
 *(.dynstr)

.gnu.version
 *(.gnu.version)

.gnu.version_d
 *(.gnu.version_d)

.gnu.version_r
 *(.gnu.version_r)

.rel.init
 *(.rel.init)

.rela.init
 *(.rela.init)

.rel.text
 *(.rel.text)
 *(.rel.text.*)
 *(.rel.gnu.linkonce.t*)

.rela.text
 *(.rela.text)
 *(.rela.text.*)
 *(.rela.gnu.linkonce.t*)

.rel.fini
 *(.rel.fini)

.rela.fini
 *(.rela.fini)

.rel.rodata
 *(.rel.rodata)
 *(.rel.rodata.*)
 *(.rel.gnu.linkonce.r*)

.rela.rodata
 *(.rela.rodata)
 *(.rela.rodata.*)
 *(.rela.gnu.linkonce.r*)

.rel.data
 *(.rel.data)
 *(.rel.data.*)
 *(.rel.gnu.linkonce.d*)

.rela.data
 *(.rela.data)
 *(.rela.data.*)
 *(.rela.gnu.linkonce.d*)

.rel.ctors
 *(.rel.ctors)

.rela.ctors
 *(.rela.ctors)

.rel.dtors
 *(.rel.dtors)

.rela.dtors
 *(.rela.dtors)

.rel.got
 *(.rel.got)

.rela.got
 *(.rela.got)

.rel.bss
 *(.rel.bss)

.rela.bss
 *(.rela.bss)

.rel.plt
 *(.rel.plt)

.rela.plt
 *(.rela.plt)

.text           0x00000000     0x1b3e
 *(.vectors)
 .vectors       0x00000000       0xe4 C:/Program Files (x86)/Atmel/Studio/7.0/Packs/atmel/ATmega_DFP/1.0.98/gcc/dev/atmega2560/avr6/crtatmega2560.o
                0x00000000                __vector_default
                0x00000000                __vectors
 *(.vectors)
 *(.progmem.gcc*)
 .progmem.gcc_sw_table.OS_Start
                0x000000e4       0x1a os.o
                0x000000fe                . = ALIGN (0x2)
                0x000000fe                __trampolines_start = .
 *(.trampolines)
 .trampolines   0x000000fe        0x0 linker stubs
 *(.trampolines*)
                0x000000fe                __trampolines_end = .
 *(.progmem*)
                0x000000fe                . = ALIGN (0x2)
 *(.jumptables)
 *(.jumptables*)
 *(.lowtext)
 *(.lowtext*)
                0x000000fe                __ctors_start = .
 *(.ctors)
                0x000000fe                __ctors_end = .
                0x000000fe                __dtors_start = .
 *(.dtors)
                0x000000fe                __dtors_end = .
 SORT(*)(.ctors)
 SORT(*)(.dtors)
 *(.init0)
 .init0         0x000000fe        0x0 C:/Program Files (x86)/Atmel/Studio/7.0/Packs/atmel/ATmega_DFP/1.0.98/gcc/dev/atmega2560/avr6/crtatmega2560.o
                0x000000fe                __init
 *(.init0)
 *(.init1)
 *(.init1)
 *(.init2)
 .init2         0x000000fe       0x10 C:/Program Files (x86)/Atmel/Studio/7.0/Packs/atmel/ATmega_DFP/1.0.98/gcc/dev/atmega2560/avr6/crtatmega2560.o
 *(.init2)
 *(.init3)
 *(.init3)
 *(.init4)
 .init4         0x0000010e       0x1a c:/program files (x86)/atmel/studio/7.0/toolchain/avr8/avr8-gnu-toolchain/bin/../lib/gcc/avr/4.9.2/avr6\libgcc.a(_copy_data.o)
                0x0000010e                __do_copy_data
 .init4         0x00000128       0x10 c:/program files (x86)/atmel/studio/7.0/toolchain/avr8/avr8-gnu-toolchain/bin/../lib/gcc/avr/4.9.2/avr6\libgcc.a(_clear_bss.o)
                0x00000128                __do_clear_bss
 *(.init4)
 *(.init5)
 *(.init5)
 *(.init6)
 *(.init6)
 *(.init7)
 *(.init7)
 *(.init8)
 *(.init8)
 *(.init9)
 .init9         0x00000138        0x8 C:/Program Files (x86)/Atmel/Studio/7.0/Packs/atmel/ATmega_DFP/1.0.98/gcc/dev/atmega2560/avr6/crtatmega2560.o
 *(.init9)
 *(.text)
 .text          0x00000140        0x2 C:/Program Files (x86)/Atmel/Studio/7.0/Packs/atmel/ATmega_DFP/1.0.98/gcc/dev/atmega2560/avr6/crtatmega2560.o
                0x00000140                __vector_38
                0x00000140                __vector_22
                0x00000140                __vector_28
                0x00000140                __vector_1
                0x00000140                __vector_34
                0x00000140                __vector_24
                0x00000140                __vector_12
                0x00000140                __vector_55
                0x00000140                __vector_46
                0x00000140                __bad_interrupt
                0x00000140                __vector_6
                0x00000140                __vector_31
                0x00000140                __vector_35
                0x00000140                __vector_39
                0x00000140                __vector_3
                0x00000140                __vector_23
                0x00000140                __vector_30
                0x00000140                __vector_45
                0x00000140                __vector_11
                0x00000140                __vector_54
                0x00000140                __vector_13
                0x00000140                __vector_19
                0x00000140                __vector_56
                0x00000140                __vector_7
                0x00000140                __vector_49
                0x00000140                __vector_41
                0x00000140                __vector_43
                0x00000140                __vector_27
                0x00000140                __vector_5
                0x00000140                __vector_33
                0x00000140                __vector_47
                0x00000140                __vector_52
                0x00000140                __vector_4
                0x00000140                __vector_44
                0x00000140                __vector_51
                0x00000140                __vector_9
                0x00000140                __vector_2
                0x00000140                __vector_21
                0x00000140                __vector_15
                0x00000140                __vector_29
                0x00000140                __vector_40
                0x00000140                __vector_8
                0x00000140                __vector_48
                0x00000140                __vector_14
                0x00000140                __vector_53
                0x00000140                __vector_10
                0x00000140                __vector_50
                0x00000140                __vector_16
                0x00000140                __vector_18
                0x00000140                __vector_20
                0x00000140                __vector_42
 .text          0x00000142      0x154 cswitch.o
                0x00000142                Exit_Kernel
                0x00000142                CSwitch
                0x000001ec                Enter_Kernel
                0x00000296                . = ALIGN (0x2)
 *(.text.*)
 .text.init_LED_PORTL_pin0
                0x00000296        0xc LED_Test.o
                0x00000296                init_LED_PORTL_pin0
 .text.init_LED_PORTL_pin1
                0x000002a2        0xc LED_Test.o
                0x000002a2                init_LED_PORTL_pin1
 .text.init_LED_PORTL_pin2
                0x000002ae        0xc LED_Test.o
                0x000002ae                init_LED_PORTL_pin2
 .text.init_LED_PORTL_pin5
                0x000002ba        0xc LED_Test.o
                0x000002ba                init_LED_PORTL_pin5
 .text.init_LED_PORTL_pin6
                0x000002c6        0xc LED_Test.o
                0x000002c6                init_LED_PORTL_pin6
 .text.enable_LED
                0x000002d2       0x1a LED_Test.o
                0x000002d2                enable_LED
 .text.disable_LED
                0x000002ec       0x1c LED_Test.o
                0x000002ec                disable_LED
 .text.Init_Task
                0x00000308        0xa main.o
                0x00000308                Init_Task
 .text.Init_Drive
                0x00000312       0x12 main.o
                0x00000312                Init_Drive
 .text.a_main   0x00000324       0x58 main.o
                0x00000324                a_main
 .text.Task_Terminate
                0x0000037c       0x22 os.o
                0x0000037c                Task_Terminate
 .text.Kernel_Create_Task_At
                0x0000039e      0x102 os.o
                0x0000039e                Kernel_Create_Task_At
 .text.Kernel_Create_Task
                0x000004a0       0x60 os.o
 .text.Kernel_Init_Mutex_At
                0x00000500       0x2a os.o
                0x00000500                Kernel_Init_Mutex_At
 .text.Kernel_Init_Event_At
                0x0000052a       0x2e os.o
                0x0000052a                Kernel_Init_Event_At
 .text.OS_Init  0x00000558       0xb2 os.o
                0x00000558                OS_Init
 .text.OS_Abort
                0x0000060a        0x8 os.o
                0x0000060a                OS_Abort
 .text.Dispatch
                0x00000612       0x62 os.o
 .text.Kernel_Unlock_Mutex
                0x00000674      0x23e os.o
 .text.OS_Start
                0x000008b2      0x874 os.o
                0x000008b2                OS_Start
 .text.Mutex_Init
                0x00001126       0x34 os.o
                0x00001126                Mutex_Init
 .text.Event_Init
                0x0000115a       0x34 os.o
                0x0000115a                Event_Init
 .text.Task_Create
                0x0000118e       0x4a os.o
                0x0000118e                Task_Create
 .text.Task_Next
                0x000011d8       0x24 os.o
                0x000011d8                Task_Next
 .text.setup    0x000011fc       0x74 os.o
                0x000011fc                setup
 .text.__vector_17
                0x00001270      0x18a os.o
                0x00001270                __vector_17
 .text.__vector_32
                0x000013fa       0x2e os.o
                0x000013fa                __vector_32
 .text.main     0x00001428       0x16 os.o
                0x00001428                main
 .text.enqueueWQ
                0x0000143e       0x60 queue.o
                0x0000143e                enqueueWQ
 .text.enqueueSQ
                0x0000149e       0xe2 queue.o
                0x0000149e                enqueueSQ
 .text.enqueueRQ
                0x00001580       0xc6 queue.o
                0x00001580                enqueueRQ
 .text.dequeueWQ
                0x00001646       0xd0 queue.o
                0x00001646                dequeueWQ
 .text.dequeueRQ
                0x00001716       0xb0 queue.o
                0x00001716                dequeueRQ
 .text.dequeue  0x000017c6       0x38 queue.o
                0x000017c6                dequeue
 .text.Roomba_Init
                0x000017fe       0xa6 roomba/roomba.o
                0x000017fe                Roomba_Init
 .text.Roomba_Drive
                0x000018a4       0x2e roomba/roomba.o
                0x000018a4                Roomba_Drive
 .text.__vector_25
                0x000018d2       0x72 uart/uart.o
                0x000018d2                __vector_25
 .text.__vector_26
                0x00001944       0x60 uart/uart.o
                0x00001944                __vector_26
 .text.uart0_init
                0x000019a4       0x5a uart/uart.o
                0x000019a4                uart0_init
 .text.uart0_putc
                0x000019fe       0x32 uart/uart.o
                0x000019fe                uart0_putc
 .text.__vector_36
                0x00001a30       0x72 uart/uart.o
                0x00001a30                __vector_36
 .text.__vector_37
                0x00001aa2       0x60 uart/uart.o
                0x00001aa2                __vector_37
 .text.libgcc.div
                0x00001b02       0x28 c:/program files (x86)/atmel/studio/7.0/toolchain/avr8/avr8-gnu-toolchain/bin/../lib/gcc/avr/4.9.2/avr6\libgcc.a(_udivmodhi4.o)
                0x00001b02                __udivmodhi4
 .text.libgcc   0x00001b2a       0x10 c:/program files (x86)/atmel/studio/7.0/toolchain/avr8/avr8-gnu-toolchain/bin/../lib/gcc/avr/4.9.2/avr6\libgcc.a(_tablejump2.o)
                0x00001b2a                __tablejump2__
                0x00001b3a                . = ALIGN (0x2)
 *(.fini9)
 .fini9         0x00001b3a        0x0 c:/program files (x86)/atmel/studio/7.0/toolchain/avr8/avr8-gnu-toolchain/bin/../lib/gcc/avr/4.9.2/avr6\libgcc.a(_exit.o)
                0x00001b3a                _exit
                0x00001b3a                exit
 *(.fini9)
 *(.fini8)
 *(.fini8)
 *(.fini7)
 *(.fini7)
 *(.fini6)
 *(.fini6)
 *(.fini5)
 *(.fini5)
 *(.fini4)
 *(.fini4)
 *(.fini3)
 *(.fini3)
 *(.fini2)
 *(.fini2)
 *(.fini1)
 *(.fini1)
 *(.fini0)
 .fini0         0x00001b3a        0x4 c:/program files (x86)/atmel/studio/7.0/toolchain/avr8/avr8-gnu-toolchain/bin/../lib/gcc/avr/4.9.2/avr6\libgcc.a(_exit.o)
 *(.fini0)
                0x00001b3e                _etext = .

.data           0x00800200        0x0 load address 0x00001b3e
                0x00800200                PROVIDE (__data_start, .)
 *(.data)
 *(.data*)
 *(.rodata)
 *(.rodata*)
 *(.gnu.linkonce.d*)
                0x00800200                . = ALIGN (0x2)
                0x00800200                _edata = .
                0x00800200                PROVIDE (__data_end, .)

.bss            0x00800200     0x14ce
                0x00800200                PROVIDE (__bss_start, .)
 *(.bss)
 *(.bss*)
 .bss.WQCount   0x00800200        0x2 os.o
                0x00800200                WQCount
 .bss.SQCount   0x00800202        0x2 os.o
                0x00800202                SQCount
 .bss.RQCount   0x00800204        0x2 os.o
                0x00800204                RQCount
 .bss.tickOverflowCount
                0x00800206        0x2 os.o
                0x00800206                tickOverflowCount
 .bss.Events    0x00800208        0x2 os.o
 .bss.Mutexes   0x0080020a        0x2 os.o
 .bss.pCount    0x0080020c        0x2 os.o
 .bss.Tasks     0x0080020e        0x2 os.o
 .bss.KernelActive
                0x00800210        0x2 os.o
 .bss.Cp        0x00800212        0x2 os.o
 .bss.Event     0x00800214       0x28 os.o
 .bss.Mutex     0x0080023c       0x38 os.o
 .bss.Process   0x00800274     0x11e0 os.o
 .bss.UART1_LastRxError
                0x00801454        0x1 uart/uart.o
 .bss.UART1_RxTail
                0x00801455        0x1 uart/uart.o
 .bss.UART1_RxHead
                0x00801456        0x1 uart/uart.o
 .bss.UART1_TxTail
                0x00801457        0x1 uart/uart.o
 .bss.UART1_TxHead
                0x00801458        0x1 uart/uart.o
 .bss.UART1_RxBuf
                0x00801459       0x80 uart/uart.o
 .bss.UART1_TxBuf
                0x008014d9       0x80 uart/uart.o
 .bss.UART_LastRxError
                0x00801559        0x1 uart/uart.o
 .bss.UART_RxTail
                0x0080155a        0x1 uart/uart.o
 .bss.UART_RxHead
                0x0080155b        0x1 uart/uart.o
 .bss.UART_TxTail
                0x0080155c        0x1 uart/uart.o
 .bss.UART_TxHead
                0x0080155d        0x1 uart/uart.o
 .bss.UART_RxBuf
                0x0080155e       0x80 uart/uart.o
 .bss.UART_TxBuf
                0x008015de       0x80 uart/uart.o
 *(COMMON)
 COMMON         0x0080165e        0xc main.o
                0x0080165e                portL2_Mutex
                0x00801660                DrivePID
                0x00801662                e2
                0x00801664                portL6_Mutex
                0x00801666                InitPID
                0x00801668                e1
 COMMON         0x0080166a       0x64 os.o
                0x0080166a                SleepQueue
                0x0080168a                ReadyQueue
                0x008016aa                CurrentSp
                0x008016ac                WaitingQueue
                0x008016cc                KernelSp
                0x008016ce                PROVIDE (__bss_end, .)
                0x00001b3e                __data_load_start = LOADADDR (.data)
                0x00001b3e                __data_load_end = (__data_load_start + SIZEOF (.data))

.noinit         0x008016ce        0x0
                0x008016ce                PROVIDE (__noinit_start, .)
 *(.noinit*)
                0x008016ce                PROVIDE (__noinit_end, .)
                0x008016ce                _end = .
                0x008016ce                PROVIDE (__heap_start, .)

.eeprom         0x00810000        0x0
 *(.eeprom*)
                0x00810000                __eeprom_end = .

.fuse
 *(.fuse)
 *(.lfuse)
 *(.hfuse)
 *(.efuse)

.lock
 *(.lock*)

.signature
 *(.signature*)

.user_signatures
 *(.user_signatures*)

.stab
 *(.stab)

.stabstr
 *(.stabstr)

.stab.excl
 *(.stab.excl)

.stab.exclstr
 *(.stab.exclstr)

.stab.index
 *(.stab.index)

.stab.indexstr
 *(.stab.indexstr)

.comment        0x00000000       0x30
 *(.comment)
 .comment       0x00000000       0x30 LED_Test.o
                                 0x31 (size before relaxing)
 .comment       0x00000030       0x31 main.o
 .comment       0x00000030       0x31 os.o
 .comment       0x00000030       0x31 queue.o
 .comment       0x00000030       0x31 roomba/roomba.o
 .comment       0x00000030       0x31 uart/uart.o

.note.gnu.avr.deviceinfo
                0x00000000       0x40
 .note.gnu.avr.deviceinfo
                0x00000000       0x40 C:/Program Files (x86)/Atmel/Studio/7.0/Packs/atmel/ATmega_DFP/1.0.98/gcc/dev/atmega2560/avr6/crtatmega2560.o

.note.gnu.build-id
 *(.note.gnu.build-id)

.debug
 *(.debug)

.line
 *(.line)

.debug_srcinfo
 *(.debug_srcinfo)

.debug_sfnames
 *(.debug_sfnames)

.debug_aranges  0x00000000      0x348
 *(.debug_aranges)
 .debug_aranges
                0x00000000       0x20 cswitch.o
 .debug_aranges
                0x00000020       0x60 LED_Test.o
 .debug_aranges
                0x00000080       0x38 main.o
 .debug_aranges
                0x000000b8       0xe8 os.o
 .debug_aranges
                0x000001a0       0x58 queue.o
 .debug_aranges
                0x000001f8       0x88 roomba/roomba.o
 .debug_aranges
                0x00000280       0xc8 uart/uart.o

.debug_pubnames
 *(.debug_pubnames)

.debug_info     0x00000000     0x346c
 *(.debug_info .gnu.linkonce.wi.*)
 .debug_info    0x00000000       0x77 cswitch.o
 .debug_info    0x00000077      0x174 LED_Test.o
 .debug_info    0x000001eb      0x2ae main.o
 .debug_info    0x00000499     0x1483 os.o
 .debug_info    0x0000191c      0x5f9 queue.o
 .debug_info    0x00001f15      0xe68 roomba/roomba.o
 .debug_info    0x00002d7d      0x6ef uart/uart.o

.debug_abbrev   0x00000000      0xb88
 *(.debug_abbrev)
 .debug_abbrev  0x00000000       0x14 cswitch.o
 .debug_abbrev  0x00000014       0x92 LED_Test.o
 .debug_abbrev  0x000000a6      0x13e main.o
 .debug_abbrev  0x000001e4      0x3e2 os.o
 .debug_abbrev  0x000005c6      0x1b1 queue.o
 .debug_abbrev  0x00000777      0x29a roomba/roomba.o
 .debug_abbrev  0x00000a11      0x177 uart/uart.o

.debug_line     0x00000000     0x1bec
 *(.debug_line .debug_line.* .debug_line_end)
 .debug_line    0x00000000       0xbb cswitch.o
 .debug_line    0x000000bb      0x151 LED_Test.o
 .debug_line    0x0000020c      0x144 main.o
 .debug_line    0x00000350      0xb92 os.o
 .debug_line    0x00000ee2      0x2d3 queue.o
 .debug_line    0x000011b5      0x503 roomba/roomba.o
 .debug_line    0x000016b8      0x534 uart/uart.o

.debug_frame    0x00000000      0x8b0
 *(.debug_frame)
 .debug_frame   0x00000000       0xa4 LED_Test.o
 .debug_frame   0x000000a4       0x54 main.o
 .debug_frame   0x000000f8      0x2fc os.o
 .debug_frame   0x000003f4      0x110 queue.o
 .debug_frame   0x00000504      0x160 roomba/roomba.o
 .debug_frame   0x00000664      0x24c uart/uart.o

.debug_str      0x00000000      0xe6f
 *(.debug_str)
 .debug_str     0x00000000      0x1dd LED_Test.o
                                0x211 (size before relaxing)
 .debug_str     0x000001dd       0xba main.o
                                0x22f (size before relaxing)
 .debug_str     0x00000297      0x4d8 os.o
                                0x72a (size before relaxing)
 .debug_str     0x0000076f       0x21 queue.o
                                0x326 (size before relaxing)
 .debug_str     0x00000790      0x4f9 roomba/roomba.o
                                0x6cc (size before relaxing)
 .debug_str     0x00000c89      0x1e6 uart/uart.o
                                0x3e7 (size before relaxing)

.debug_loc      0x00000000     0x21eb
 *(.debug_loc)
 .debug_loc     0x00000000      0xc5b os.o
 .debug_loc     0x00000c5b      0x7bc queue.o
 .debug_loc     0x00001417      0x55f roomba/roomba.o
 .debug_loc     0x00001976      0x875 uart/uart.o

.debug_macinfo
 *(.debug_macinfo)

.debug_weaknames
 *(.debug_weaknames)

.debug_funcnames
 *(.debug_funcnames)

.debug_typenames
 *(.debug_typenames)

.debug_varnames
 *(.debug_varnames)

.debug_pubtypes
 *(.debug_pubtypes)

.debug_ranges   0x00000000      0x3b8
 *(.debug_ranges)
 .debug_ranges  0x00000000       0x50 LED_Test.o
 .debug_ranges  0x00000050       0x28 main.o
 .debug_ranges  0x00000078      0x198 os.o
 .debug_ranges  0x00000210       0x48 queue.o
 .debug_ranges  0x00000258       0x78 roomba/roomba.o
 .debug_ranges  0x000002d0       0xe8 uart/uart.o

.debug_macro
 *(.debug_macro)
OUTPUT(Project3.elf elf32-avr)
LOAD linker stubs
